{
    "test-samtools-depth-intervals": {
        "content": [
            {
                "0": [
                    [
                        {
                            "id": "test",
                            "single_end": false
                        },
                        "test.tsv:md5,a89e2f8e1b66356c7500599fcadb8784"
                    ]
                ],
                "1": [
                    "versions.yml:md5,8a21701d45a94582920fea7e0ba15eec"
                ],
                "tsv": [
                    [
                        {
                            "id": "test",
                            "single_end": false
                        },
                        "test.tsv:md5,a89e2f8e1b66356c7500599fcadb8784"
                    ]
                ],
                "versions": [
                    "versions.yml:md5,8a21701d45a94582920fea7e0ba15eec"
                ]
            }
        ],
        "meta": {
            "nf-test": "0.9.2",
            "nextflow": "24.10.5"
        },
        "timestamp": "2025-04-23T10:58:25.899671"
    },
    "test-samtools-depth": {
        "content": [
            {
                "0": [
                    [
                        {
                            "id": "test",
                            "single_end": false
                        },
                        "test.tsv:md5,722d2c060944d6b96ae5ae00d8074657"
                    ]
                ],
                "1": [
                    "versions.yml:md5,8a21701d45a94582920fea7e0ba15eec"
                ],
                "tsv": [
                    [
                        {
                            "id": "test",
                            "single_end": false
                        },
                        "test.tsv:md5,722d2c060944d6b96ae5ae00d8074657"
                    ]
                ],
                "versions": [
                    "versions.yml:md5,8a21701d45a94582920fea7e0ba15eec"
                ]
            }
        ],
        "meta": {
            "nf-test": "0.9.2",
            "nextflow": "24.10.5"
        },
        "timestamp": "2025-04-23T10:58:17.502348"
    }
}
