{
    "tuberculosis aligned sam -stub": {
        "content": [
            {
                "0": [
                    [
                        {
                            "id": "test"
                        },
                        "test_GATK.bam:md5,d41d8cd98f00b204e9800998ecf8427e"
                    ]
                ],
                "1": [
                    "versions.yml:md5,3272f288e480acd1dc9d5bb75af39251"
                ],
                "bam": [
                    [
                        {
                            "id": "test"
                        },
                        "test_GATK.bam:md5,d41d8cd98f00b204e9800998ecf8427e"
                    ]
                ],
                "versions": [
                    "versions.yml:md5,3272f288e480acd1dc9d5bb75af39251"
                ]
            }
        ],
        "meta": {
            "nf-test": "0.9.2",
            "nextflow": "24.10.5"
        },
        "timestamp": "2025-04-23T11:15:22.231473"
    },
    "tuberculosis aligned sam": {
        "content": [
            {
                "0": [
                    [
                        {
                            "id": "test"
                        },
                        "test.bam:md5,0eee8853c194859c2c3b2770442da79c"
                    ]
                ],
                "1": [
                    "versions.yml:md5,3272f288e480acd1dc9d5bb75af39251"
                ],
                "bam": [
                    [
                        {
                            "id": "test"
                        },
                        "test.bam:md5,0eee8853c194859c2c3b2770442da79c"
                    ]
                ],
                "versions": [
                    "versions.yml:md5,3272f288e480acd1dc9d5bb75af39251"
                ]
            }
        ],
        "meta": {
            "nf-test": "0.9.2",
            "nextflow": "24.10.5"
        },
        "timestamp": "2025-04-23T11:26:51.118449"
    }
}
