{
    "varpipe create report [stats] [coverage] [final annotation] -stub": {
        "content": [
            {
                "0": [
                    [
                        {
                            "id": "test"
                        },
                        "summary.txt:md5,d41d8cd98f00b204e9800998ecf8427e"
                    ]
                ],
                "1": [
                    "versions.yml:md5,fde7f2733dc38aab60c37aac0f593128"
                ],
                "summary": [
                    [
                        {
                            "id": "test"
                        },
                        "summary.txt:md5,d41d8cd98f00b204e9800998ecf8427e"
                    ]
                ],
                "versions": [
                    "versions.yml:md5,fde7f2733dc38aab60c37aac0f593128"
                ]
            }
        ],
        "meta": {
            "nf-test": "0.9.2",
            "nextflow": "24.10.5"
        },
        "timestamp": "2025-04-25T16:50:39.868126625"
    },
    "varpipe create report [stats] [coverage] [final annotation]": {
        "content": [
            {
                "0": [
                    [
                        {
                            "id": "test"
                        },
                        "summary.txt:md5,46d4a09785c12d3a149dacfd6a2481d1"
                    ]
                ],
                "1": [
                    "versions.yml:md5,d257db12c9c7e91617ec6de19e02d8c4"
                ],
                "summary": [
                    [
                        {
                            "id": "test"
                        },
                        "summary.txt:md5,46d4a09785c12d3a149dacfd6a2481d1"
                    ]
                ],
                "versions": [
                    "versions.yml:md5,d257db12c9c7e91617ec6de19e02d8c4"
                ]
            }
        ],
        "meta": {
            "nf-test": "0.9.2",
            "nextflow": "24.10.5"
        },
        "timestamp": "2025-04-25T16:50:32.078534414"
    }
}
