{
    "bam": {
        "content": [
            {
                "0": [
                    [
                        {
                            "id": "test",
                            "single_end": false
                        },
                        "test.bam:md5,acd020df9e7f06a80fcfc48cb3744f4c"
                    ]
                ],
                "1": [
                    
                ],
                "2": [
                    
                ],
                "3": [
                    
                ],
                "4": [
                    
                ],
                "5": [
                    
                ],
                "6": [
                    
                ],
                "7": [
                    
                ],
                "8": [
                    "versions.yml:md5,176db5ec46b965219604bcdbb3ef9e07"
                ],
                "bai": [
                    
                ],
                "bam": [
                    [
                        {
                            "id": "test",
                            "single_end": false
                        },
                        "test.bam:md5,acd020df9e7f06a80fcfc48cb3744f4c"
                    ]
                ],
                "crai": [
                    
                ],
                "cram": [
                    
                ],
                "csi": [
                    
                ],
                "sam": [
                    
                ],
                "unselected": [
                    
                ],
                "unselected_index": [
                    
                ],
                "versions": [
                    "versions.yml:md5,176db5ec46b965219604bcdbb3ef9e07"
                ]
            }
        ],
        "meta": {
            "nf-test": "0.9.2",
            "nextflow": "25.04.1"
        },
        "timestamp": "2025-05-19T11:05:14.155253548"
    },
    "bam_stub": {
        "content": [
            {
                "0": [
                    [
                        {
                            "id": "test",
                            "single_end": false
                        },
                        "test.bam:md5,d41d8cd98f00b204e9800998ecf8427e"
                    ]
                ],
                "1": [
                    
                ],
                "2": [
                    
                ],
                "3": [
                    
                ],
                "4": [
                    [
                        {
                            "id": "test",
                            "single_end": false
                        },
                        "test.bam.csi:md5,d41d8cd98f00b204e9800998ecf8427e"
                    ]
                ],
                "5": [
                    
                ],
                "6": [
                    
                ],
                "7": [
                    
                ],
                "8": [
                    "versions.yml:md5,176db5ec46b965219604bcdbb3ef9e07"
                ],
                "bai": [
                    
                ],
                "bam": [
                    [
                        {
                            "id": "test",
                            "single_end": false
                        },
                        "test.bam:md5,d41d8cd98f00b204e9800998ecf8427e"
                    ]
                ],
                "crai": [
                    
                ],
                "cram": [
                    
                ],
                "csi": [
                    [
                        {
                            "id": "test",
                            "single_end": false
                        },
                        "test.bam.csi:md5,d41d8cd98f00b204e9800998ecf8427e"
                    ]
                ],
                "sam": [
                    
                ],
                "unselected": [
                    
                ],
                "unselected_index": [
                    
                ],
                "versions": [
                    "versions.yml:md5,176db5ec46b965219604bcdbb3ef9e07"
                ]
            }
        ],
        "meta": {
            "nf-test": "0.9.2",
            "nextflow": "25.04.1"
        },
        "timestamp": "2025-05-19T11:05:21.125796598"
    }
}
