{
    "test-gatk4-leftalignandtrimvariants-no-interval": {
        "content": [
            "85745045e9c55d3846d80bfde08a7d34",
            "test.normalised.vcf.gz.tbi",
            [
                "versions.yml:md5,47de50940e4179185226dd84d40f247b"
            ]
        ],
        "meta": {
            "nf-test": "0.9.2",
            "nextflow": "24.10.5"
        },
        "timestamp": "2025-04-23T11:55:39.600343"
    },
    "test-gatk4-leftalignandtrimvariants-interval": {
        "content": [
            "VcfFile [chromosomes=[], sampleCount=1, variantCount=0, phased=true, phasedAutodetect=true]",
            "test.normalised.vcf.gz.tbi",
            [
                "versions.yml:md5,47de50940e4179185226dd84d40f247b"
            ]
        ],
        "meta": {
            "nf-test": "0.9.2",
            "nextflow": "24.10.5"
        },
        "timestamp": "2025-04-23T16:17:27.934756618"
    }
}
