{
    "human - vcf - use-val": {
        "content": [
            "#<METADATA>Ln prior of deletion of length 10=-20.72326583694641"
        ],
        "meta": {
            "nf-test": "0.8.4",
            "nextflow": "23.10.0"
        },
        "timestamp": "2024-05-15T12:46:03.887912"
    },
    "versions_with-files": {
        "content": [
            [
                "versions.yml:md5,b61137c9ea27fbd094fb32a621ef6dd2"
            ]
        ],
        "meta": {
            "nf-test": "0.9.2",
            "nextflow": "24.10.5"
        },
        "timestamp": "2025-04-23T16:15:11.851830078"
    },
    "human - vcf - stub": {
        "content": [
            {
                "0": [
                    [
                        {
                            "id": "test"
                        },
                        "test.filtered.vcf.gz:md5,68b329da9893e34099c7d8ad5cb9c940"
                    ]
                ],
                "1": [
                    [
                        {
                            "id": "test"
                        },
                        "test.filtered.vcf.gz.tbi:md5,d41d8cd98f00b204e9800998ecf8427e"
                    ]
                ],
                "2": [
                    [
                        {
                            "id": "test"
                        },
                        "test.filtered.vcf.gz.filteringStats.tsv:md5,d41d8cd98f00b204e9800998ecf8427e"
                    ]
                ],
                "3": [
                    "versions.yml:md5,b61137c9ea27fbd094fb32a621ef6dd2"
                ],
                "stats": [
                    [
                        {
                            "id": "test"
                        },
                        "test.filtered.vcf.gz.filteringStats.tsv:md5,d41d8cd98f00b204e9800998ecf8427e"
                    ]
                ],
                "tbi": [
                    [
                        {
                            "id": "test"
                        },
                        "test.filtered.vcf.gz.tbi:md5,d41d8cd98f00b204e9800998ecf8427e"
                    ]
                ],
                "vcf": [
                    [
                        {
                            "id": "test"
                        },
                        "test.filtered.vcf.gz:md5,68b329da9893e34099c7d8ad5cb9c940"
                    ]
                ],
                "versions": [
                    "versions.yml:md5,b61137c9ea27fbd094fb32a621ef6dd2"
                ]
            }
        ],
        "meta": {
            "nf-test": "0.9.2",
            "nextflow": "24.10.5"
        },
        "timestamp": "2025-04-23T16:15:32.003608744"
    },
    "versions_use-val": {
        "content": [
            [
                "versions.yml:md5,b61137c9ea27fbd094fb32a621ef6dd2"
            ]
        ],
        "meta": {
            "nf-test": "0.9.2",
            "nextflow": "24.10.5"
        },
        "timestamp": "2025-04-23T16:15:22.759432214"
    },
    "versions_base": {
        "content": [
            [
                "versions.yml:md5,b61137c9ea27fbd094fb32a621ef6dd2"
            ]
        ],
        "meta": {
            "nf-test": "0.9.2",
            "nextflow": "24.10.5"
        },
        "timestamp": "2025-04-23T16:14:59.925089946"
    },
    "human - vcf - with-files": {
        "content": [
            [
                "#<METADATA>Ln prior of deletion of length 10=-20.72326583694641",
                "#<METADATA>Ln prior of deletion of length 9=-20.72326583694641",
                "#<METADATA>Ln prior of deletion of length 8=-20.72326583694641",
                "#<METADATA>Ln prior of deletion of length 7=-20.72326583694641",
                "#<METADATA>Ln prior of deletion of length 6=-20.72326583694641",
                "#<METADATA>Ln prior of deletion of length 5=-20.72326583694641"
            ]
        ],
        "meta": {
            "nf-test": "0.8.4",
            "nextflow": "23.10.0"
        },
        "timestamp": "2024-05-15T12:45:43.699286"
    },
    "human - vcf - base": {
        "content": [
            "#<METADATA>Ln prior of deletion of length 10=-20.72326583694641"
        ],
        "meta": {
            "nf-test": "0.8.4",
            "nextflow": "23.10.0"
        },
        "timestamp": "2024-05-15T12:47:39.949405"
    }
}
