{
    "tuberculosis fasta -stub": {
        "content": [
            {
                "0": [
                    [
                        {
                            "id": "test"
                        },
                        "test.bai:md5,d41d8cd98f00b204e9800998ecf8427e"
                    ]
                ],
                "1": [
                    "versions.yml:md5,f42544a67205d10997289e2413f64ecc"
                ],
                "bai": [
                    [
                        {
                            "id": "test"
                        },
                        "test.bai:md5,d41d8cd98f00b204e9800998ecf8427e"
                    ]
                ],
                "versions": [
                    "versions.yml:md5,f42544a67205d10997289e2413f64ecc"
                ]
            }
        ],
        "meta": {
            "nf-test": "0.9.2",
            "nextflow": "24.10.5"
        },
        "timestamp": "2025-04-23T11:42:38.821533"
    },
    "tuberculosis fasta": {
        "content": [
            {
                "0": [
                    [
                        {
                            "id": "test"
                        },
                        "test.paired_end.sorted.bai:md5,704c10dd1326482448ca3073fdebc2f4"
                    ]
                ],
                "1": [
                    "versions.yml:md5,f42544a67205d10997289e2413f64ecc"
                ],
                "bai": [
                    [
                        {
                            "id": "test"
                        },
                        "test.paired_end.sorted.bai:md5,704c10dd1326482448ca3073fdebc2f4"
                    ]
                ],
                "versions": [
                    "versions.yml:md5,f42544a67205d10997289e2413f64ecc"
                ]
            }
        ],
        "meta": {
            "nf-test": "0.9.2",
            "nextflow": "24.10.5"
        },
        "timestamp": "2025-04-23T11:51:47.567004"
    }
}
