{
    "varpipe lineage [final annotation] -stub": {
        "content": [
            {
                "0": [
                    [
                        {
                            "id": "test"
                        },
                        "test_Lineage.txt:md5,d41d8cd98f00b204e9800998ecf8427e"
                    ]
                ],
                "1": [
                    [
                        {
                            "id": "test"
                        },
                        "test.lineage_report.txt:md5,d41d8cd98f00b204e9800998ecf8427e"
                    ]
                ],
                "2": [
                    "versions.yml:md5,dd0bac08142645010b31f3c81e4664eb"
                ],
                "lineage": [
                    [
                        {
                            "id": "test"
                        },
                        "test_Lineage.txt:md5,d41d8cd98f00b204e9800998ecf8427e"
                    ]
                ],
                "lineage_report": [
                    [
                        {
                            "id": "test"
                        },
                        "test.lineage_report.txt:md5,d41d8cd98f00b204e9800998ecf8427e"
                    ]
                ],
                "versions": [
                    "versions.yml:md5,dd0bac08142645010b31f3c81e4664eb"
                ]
            }
        ],
        "meta": {
            "nf-test": "0.9.2",
            "nextflow": "24.10.5"
        },
        "timestamp": "2025-04-25T16:47:44.847486587"
    },
    "varpipe lineage [final annotation]": {
        "content": [
            {
                "0": [
                    [
                        {
                            "id": "test"
                        },
                        "test_Lineage.txt:md5,7e8e1b315c0e99a5780b2ffc4cf352e9"
                    ]
                ],
                "1": [
                    [
                        {
                            "id": "test"
                        },
                        "test.lineage_report.txt:md5,8bf9b428059472d1b760c88e6fafd600"
                    ]
                ],
                "2": [
                    "versions.yml:md5,eadb57f3e3381bea308fcf28e667089d"
                ],
                "lineage": [
                    [
                        {
                            "id": "test"
                        },
                        "test_Lineage.txt:md5,7e8e1b315c0e99a5780b2ffc4cf352e9"
                    ]
                ],
                "lineage_report": [
                    [
                        {
                            "id": "test"
                        },
                        "test.lineage_report.txt:md5,8bf9b428059472d1b760c88e6fafd600"
                    ]
                ],
                "versions": [
                    "versions.yml:md5,eadb57f3e3381bea308fcf28e667089d"
                ]
            }
        ],
        "meta": {
            "nf-test": "0.9.2",
            "nextflow": "24.10.6"
        },
        "timestamp": "2025-05-07T15:39:48.038100135"
    }
}
