{
    "test_samtools_faidx": {
        "content": [
            {
                "0": [
                    
                ],
                "1": [
                    
                ],
                "2": [
                    [
                        {
                            "id": "test",
                            "single_end": false
                        },
                        "genome.fasta.fai:md5,9da2a56e2853dc8c0b86a9e7229c9fe5"
                    ]
                ],
                "3": [
                    
                ],
                "4": [
                    "versions.yml:md5,6bbe80a2e14bd61202ca63e12d66027f"
                ],
                "fa": [
                    
                ],
                "fai": [
                    [
                        {
                            "id": "test",
                            "single_end": false
                        },
                        "genome.fasta.fai:md5,9da2a56e2853dc8c0b86a9e7229c9fe5"
                    ]
                ],
                "gzi": [
                    
                ],
                "sizes": [
                    
                ],
                "versions": [
                    "versions.yml:md5,6bbe80a2e14bd61202ca63e12d66027f"
                ]
            }
        ],
        "meta": {
            "nf-test": "0.9.2",
            "nextflow": "24.10.5"
        },
        "timestamp": "2025-05-16T11:52:57.323912814"
    },
    "test_samtools_faidx_get_sizes_bgzip - stub": {
        "content": [
            {
                "0": [
                    
                ],
                "1": [
                    [
                        {
                            "id": "test"
                        },
                        "genome.fasta.gz.sizes:md5,d41d8cd98f00b204e9800998ecf8427e"
                    ]
                ],
                "2": [
                    [
                        {
                            "id": "test"
                        },
                        "genome.fasta.gz.fai:md5,d41d8cd98f00b204e9800998ecf8427e"
                    ]
                ],
                "3": [
                    [
                        {
                            "id": "test"
                        },
                        "genome.fasta.gz.gzi:md5,d41d8cd98f00b204e9800998ecf8427e"
                    ]
                ],
                "4": [
                    "versions.yml:md5,e3e4ba35a02020d173be8d1ee04eaebf"
                ],
                "fa": [
                    
                ],
                "fai": [
                    [
                        {
                            "id": "test"
                        },
                        "genome.fasta.gz.fai:md5,d41d8cd98f00b204e9800998ecf8427e"
                    ]
                ],
                "gzi": [
                    [
                        {
                            "id": "test"
                        },
                        "genome.fasta.gz.gzi:md5,d41d8cd98f00b204e9800998ecf8427e"
                    ]
                ],
                "sizes": [
                    [
                        {
                            "id": "test"
                        },
                        "genome.fasta.gz.sizes:md5,d41d8cd98f00b204e9800998ecf8427e"
                    ]
                ],
                "versions": [
                    "versions.yml:md5,e3e4ba35a02020d173be8d1ee04eaebf"
                ]
            }
        ],
        "meta": {
            "nf-test": "0.9.2",
            "nextflow": "24.10.5"
        },
        "timestamp": "2025-05-16T11:53:51.801063716"
    },
    "test_samtools_faidx_get_sizes": {
        "content": [
            {
                "0": [
                    
                ],
                "1": [
                    [
                        {
                            "id": "test"
                        },
                        "genome.fasta.sizes:md5,a57c401f27ae5133823fb09fb21c8a3c"
                    ]
                ],
                "2": [
                    [
                        {
                            "id": "test"
                        },
                        "genome.fasta.fai:md5,9da2a56e2853dc8c0b86a9e7229c9fe5"
                    ]
                ],
                "3": [
                    
                ],
                "4": [
                    "versions.yml:md5,6bbe80a2e14bd61202ca63e12d66027f"
                ],
                "fa": [
                    
                ],
                "fai": [
                    [
                        {
                            "id": "test"
                        },
                        "genome.fasta.fai:md5,9da2a56e2853dc8c0b86a9e7229c9fe5"
                    ]
                ],
                "gzi": [
                    
                ],
                "sizes": [
                    [
                        {
                            "id": "test"
                        },
                        "genome.fasta.sizes:md5,a57c401f27ae5133823fb09fb21c8a3c"
                    ]
                ],
                "versions": [
                    "versions.yml:md5,6bbe80a2e14bd61202ca63e12d66027f"
                ]
            }
        ],
        "meta": {
            "nf-test": "0.9.2",
            "nextflow": "24.10.5"
        },
        "timestamp": "2025-05-16T11:53:32.126864062"
    },
    "test_samtools_faidx_bgzip": {
        "content": [
            {
                "0": [
                    
                ],
                "1": [
                    
                ],
                "2": [
                    [
                        {
                            "id": "test",
                            "single_end": false
                        },
                        "genome.fasta.gz.fai:md5,9da2a56e2853dc8c0b86a9e7229c9fe5"
                    ]
                ],
                "3": [
                    [
                        {
                            "id": "test",
                            "single_end": false
                        },
                        "genome.fasta.gz.gzi:md5,7dea362b3fac8e00956a4952a3d4f474"
                    ]
                ],
                "4": [
                    "versions.yml:md5,6bbe80a2e14bd61202ca63e12d66027f"
                ],
                "fa": [
                    
                ],
                "fai": [
                    [
                        {
                            "id": "test",
                            "single_end": false
                        },
                        "genome.fasta.gz.fai:md5,9da2a56e2853dc8c0b86a9e7229c9fe5"
                    ]
                ],
                "gzi": [
                    [
                        {
                            "id": "test",
                            "single_end": false
                        },
                        "genome.fasta.gz.gzi:md5,7dea362b3fac8e00956a4952a3d4f474"
                    ]
                ],
                "sizes": [
                    
                ],
                "versions": [
                    "versions.yml:md5,6bbe80a2e14bd61202ca63e12d66027f"
                ]
            }
        ],
        "meta": {
            "nf-test": "0.9.2",
            "nextflow": "24.10.5"
        },
        "timestamp": "2025-05-16T11:53:04.99286883"
    },
    "test_samtools_faidx_fasta": {
        "content": [
            {
                "0": [
                    [
                        {
                            "id": "test",
                            "single_end": false
                        },
                        "extract.fa:md5,6a0774a0ad937ba0bfd2ac7457d90f36"
                    ]
                ],
                "1": [
                    
                ],
                "2": [
                    
                ],
                "3": [
                    
                ],
                "4": [
                    "versions.yml:md5,6bbe80a2e14bd61202ca63e12d66027f"
                ],
                "fa": [
                    [
                        {
                            "id": "test",
                            "single_end": false
                        },
                        "extract.fa:md5,6a0774a0ad937ba0bfd2ac7457d90f36"
                    ]
                ],
                "fai": [
                    
                ],
                "gzi": [
                    
                ],
                "sizes": [
                    
                ],
                "versions": [
                    "versions.yml:md5,6bbe80a2e14bd61202ca63e12d66027f"
                ]
            }
        ],
        "meta": {
            "nf-test": "0.9.2",
            "nextflow": "24.10.5"
        },
        "timestamp": "2025-05-16T11:53:11.614666291"
    },
    "test_samtools_faidx_get_sizes - stub": {
        "content": [
            {
                "0": [
                    
                ],
                "1": [
                    [
                        {
                            "id": "test"
                        },
                        "genome.fasta.sizes:md5,d41d8cd98f00b204e9800998ecf8427e"
                    ]
                ],
                "2": [
                    [
                        {
                            "id": "test"
                        },
                        "genome.fasta.fai:md5,d41d8cd98f00b204e9800998ecf8427e"
                    ]
                ],
                "3": [
                    
                ],
                "4": [
                    "versions.yml:md5,e3e4ba35a02020d173be8d1ee04eaebf"
                ],
                "fa": [
                    
                ],
                "fai": [
                    [
                        {
                            "id": "test"
                        },
                        "genome.fasta.fai:md5,d41d8cd98f00b204e9800998ecf8427e"
                    ]
                ],
                "gzi": [
                    
                ],
                "sizes": [
                    [
                        {
                            "id": "test"
                        },
                        "genome.fasta.sizes:md5,d41d8cd98f00b204e9800998ecf8427e"
                    ]
                ],
                "versions": [
                    "versions.yml:md5,e3e4ba35a02020d173be8d1ee04eaebf"
                ]
            }
        ],
        "meta": {
            "nf-test": "0.9.2",
            "nextflow": "24.10.5"
        },
        "timestamp": "2025-05-16T11:53:45.481619085"
    },
    "test_samtools_faidx_stub_fasta": {
        "content": [
            {
                "0": [
                    [
                        {
                            "id": "test",
                            "single_end": false
                        },
                        "extract.fa:md5,9da2a56e2853dc8c0b86a9e7229c9fe5"
                    ]
                ],
                "1": [
                    
                ],
                "2": [
                    
                ],
                "3": [
                    
                ],
                "4": [
                    "versions.yml:md5,6bbe80a2e14bd61202ca63e12d66027f"
                ],
                "fa": [
                    [
                        {
                            "id": "test",
                            "single_end": false
                        },
                        "extract.fa:md5,9da2a56e2853dc8c0b86a9e7229c9fe5"
                    ]
                ],
                "fai": [
                    
                ],
                "gzi": [
                    
                ],
                "sizes": [
                    
                ],
                "versions": [
                    "versions.yml:md5,6bbe80a2e14bd61202ca63e12d66027f"
                ]
            }
        ],
        "meta": {
            "nf-test": "0.9.2",
            "nextflow": "24.10.5"
        },
        "timestamp": "2025-05-16T11:53:18.295362863"
    },
    "test_samtools_faidx_stub_fai": {
        "content": [
            {
                "0": [
                    
                ],
                "1": [
                    
                ],
                "2": [
                    [
                        {
                            "id": "test",
                            "single_end": false
                        },
                        "genome.fasta.fai:md5,9da2a56e2853dc8c0b86a9e7229c9fe5"
                    ]
                ],
                "3": [
                    
                ],
                "4": [
                    "versions.yml:md5,6bbe80a2e14bd61202ca63e12d66027f"
                ],
                "fa": [
                    
                ],
                "fai": [
                    [
                        {
                            "id": "test",
                            "single_end": false
                        },
                        "genome.fasta.fai:md5,9da2a56e2853dc8c0b86a9e7229c9fe5"
                    ]
                ],
                "gzi": [
                    
                ],
                "sizes": [
                    
                ],
                "versions": [
                    "versions.yml:md5,6bbe80a2e14bd61202ca63e12d66027f"
                ]
            }
        ],
        "meta": {
            "nf-test": "0.9.2",
            "nextflow": "24.10.5"
        },
        "timestamp": "2025-05-16T11:53:25.247334421"
    },
    "test_samtools_faidx_get_sizes_bgzip": {
        "content": [
            {
                "0": [
                    
                ],
                "1": [
                    [
                        {
                            "id": "test"
                        },
                        "genome.fasta.gz.sizes:md5,a57c401f27ae5133823fb09fb21c8a3c"
                    ]
                ],
                "2": [
                    [
                        {
                            "id": "test"
                        },
                        "genome.fasta.gz.fai:md5,9da2a56e2853dc8c0b86a9e7229c9fe5"
                    ]
                ],
                "3": [
                    [
                        {
                            "id": "test"
                        },
                        "genome.fasta.gz.gzi:md5,7dea362b3fac8e00956a4952a3d4f474"
                    ]
                ],
                "4": [
                    "versions.yml:md5,6bbe80a2e14bd61202ca63e12d66027f"
                ],
                "fa": [
                    
                ],
                "fai": [
                    [
                        {
                            "id": "test"
                        },
                        "genome.fasta.gz.fai:md5,9da2a56e2853dc8c0b86a9e7229c9fe5"
                    ]
                ],
                "gzi": [
                    [
                        {
                            "id": "test"
                        },
                        "genome.fasta.gz.gzi:md5,7dea362b3fac8e00956a4952a3d4f474"
                    ]
                ],
                "sizes": [
                    [
                        {
                            "id": "test"
                        },
                        "genome.fasta.gz.sizes:md5,a57c401f27ae5133823fb09fb21c8a3c"
                    ]
                ],
                "versions": [
                    "versions.yml:md5,6bbe80a2e14bd61202ca63e12d66027f"
                ]
            }
        ],
        "meta": {
            "nf-test": "0.9.2",
            "nextflow": "24.10.5"
        },
        "timestamp": "2025-05-16T11:53:38.622373346"
    }
}
