{
    "varpipe-allvariants subworkflow test": {
        "content": [
            [
                "versions.yml:md5,50aca57d44b516f9fd6f3c979c80e805",
                "versions.yml:md5,697fbc3ceb04999ef1d7cd812cb317bc",
                "versions.yml:md5,a6319944a4de0085a9ecf40478968360",
                "versions.yml:md5,b84285b031458bee8a2d9972373f396b"
            ]
        ],
        "meta": {
            "nf-test": "0.9.2",
            "nextflow": "24.10.5"
        },
        "timestamp": "2025-05-16T11:14:29.352682733"
    }
}
