{
    "varpipe coverage analysis [bam] [coverages] -stub": {
        "content": [
            {
                "0": [
                    [
                        {
                            "id": "test"
                        },
                        "test_structural_variants.txt:md5,d41d8cd98f00b204e9800998ecf8427e"
                    ]
                ],
                "1": [
                    "versions.yml:md5,b39ed10974c19b79b2fa11c35c89dc60"
                ],
                "structural_variants": [
                    [
                        {
                            "id": "test"
                        },
                        "test_structural_variants.txt:md5,d41d8cd98f00b204e9800998ecf8427e"
                    ]
                ],
                "versions": [
                    "versions.yml:md5,b39ed10974c19b79b2fa11c35c89dc60"
                ]
            }
        ],
        "meta": {
            "nf-test": "0.9.2",
            "nextflow": "24.10.5"
        },
        "timestamp": "2025-05-07T08:30:27.765410733"
    },
    "varpipe structural variant analysis [coverages]": {
        "content": [
            {
                "0": [
                    [
                        {
                            "id": "test"
                        },
                        "test_structural_variants.txt:md5,adce0d578c66c214a53c5d2eabc4c625"
                    ]
                ],
                "1": [
                    "versions.yml:md5,274e4f906af29edb6755a1422f717204"
                ],
                "structural_variants": [
                    [
                        {
                            "id": "test"
                        },
                        "test_structural_variants.txt:md5,adce0d578c66c214a53c5d2eabc4c625"
                    ]
                ],
                "versions": [
                    "versions.yml:md5,274e4f906af29edb6755a1422f717204"
                ]
            }
        ],
        "meta": {
            "nf-test": "0.9.2",
            "nextflow": "24.10.6"
        },
        "timestamp": "2025-05-07T15:43:54.756950466"
    }
}
