{
    "tumor_normal_pair_f1r2_stubs": {
        "content": [
            [
                "test.vcf.gz"
            ],
            [
                "test.vcf.gz.tbi"
            ],
            [
                "test.vcf.gz.stats"
            ],
            [
                "test.f1r2.tar.gz"
            ],
            [
                "h"
            ]
        ],
        "meta": {
            "nf-test": "0.9.2",
            "nextflow": "24.10.5"
        },
        "timestamp": "2025-04-23T16:33:49.585404924"
    },
    "generate_pon": {
        "content": [
            [
                "test.vcf.gz"
            ],
            [
                "test.vcf.gz.tbi"
            ],
            [
                [
                    {
                        "id": "test"
                    },
                    "test.vcf.gz.stats:md5,b569ce66bbffe9588b3d221e821023ee"
                ]
            ],
            [
                
            ],
            [
                "versions.yml:md5,fecd00ec102847a9d33e532cfc5b08ff"
            ]
        ],
        "meta": {
            "nf-test": "0.9.2",
            "nextflow": "24.10.5"
        },
        "timestamp": "2025-04-23T11:41:18.219511"
    },
    "mitochondria": {
        "content": [
            [
                "test.vcf.gz"
            ],
            [
                "test.vcf.gz.tbi"
            ],
            [
                [
                    {
                        "id": "test"
                    },
                    "test.vcf.gz.stats:md5,4f77301a125913170b8e9e7828b4ca3f"
                ]
            ],
            [
                
            ],
            [
                "versions.yml:md5,fecd00ec102847a9d33e532cfc5b08ff"
            ]
        ],
        "meta": {
            "nf-test": "0.9.2",
            "nextflow": "24.10.5"
        },
        "timestamp": "2025-04-23T16:33:32.775982327"
    },
    "cram_input": {
        "content": [
            [
                "test.vcf.gz"
            ],
            [
                "test.vcf.gz.tbi"
            ],
            [
                [
                    {
                        "id": "test"
                    },
                    "test.vcf.gz.stats:md5,55ed641e16089afb33cdbc478e202d3d"
                ]
            ],
            [
                
            ],
            [
                "versions.yml:md5,fecd00ec102847a9d33e532cfc5b08ff"
            ]
        ],
        "meta": {
            "nf-test": "0.9.2",
            "nextflow": "24.10.5"
        },
        "timestamp": "2025-04-23T16:30:28.954733122"
    },
    "tumor_single": {
        "content": [
            [
                "test.vcf.gz"
            ],
            [
                "test.vcf.gz.tbi"
            ],
            [
                [
                    {
                        "id": "test"
                    },
                    "test.vcf.gz.stats:md5,55ed641e16089afb33cdbc478e202d3d"
                ]
            ],
            [
                
            ],
            [
                "versions.yml:md5,fecd00ec102847a9d33e532cfc5b08ff"
            ]
        ],
        "meta": {
            "nf-test": "0.9.2",
            "nextflow": "24.10.5"
        },
        "timestamp": "2025-04-23T16:27:24.193088782"
    },
    "tumor_normal_pair": {
        "content": [
            [
                "test.vcf.gz"
            ],
            [
                "test.vcf.gz.tbi"
            ],
            [
                [
                    {
                        "id": "test",
                        "normal_id": "normal",
                        "tumor_id": "tumour"
                    },
                    "test.vcf.gz.stats:md5,17d2091015d04cbd4a26b7a67dc659e6"
                ]
            ],
            [
                
            ],
            [
                "versions.yml:md5,fecd00ec102847a9d33e532cfc5b08ff"
            ]
        ],
        "meta": {
            "nf-test": "0.9.2",
            "nextflow": "24.10.5"
        },
        "timestamp": "2025-04-23T16:21:24.425768822"
    },
    "tumor_normal_pair_f1r2": {
        "content": [
            [
                "test.vcf.gz"
            ],
            [
                "test.vcf.gz.tbi"
            ],
            [
                [
                    {
                        "id": "test",
                        "normal_id": "normal",
                        "tumor_id": "tumour"
                    },
                    "test.vcf.gz.stats:md5,17d2091015d04cbd4a26b7a67dc659e6"
                ]
            ],
            [
                "test.f1r2.tar.gz"
            ],
            [
                "versions.yml:md5,fecd00ec102847a9d33e532cfc5b08ff"
            ]
        ],
        "meta": {
            "nf-test": "0.9.2",
            "nextflow": "24.10.5"
        },
        "timestamp": "2025-04-23T16:24:19.844046957"
    }
}
