{
    "BWA mem": {
        "content": [
            {
                "0": [
                    
                ],
                "1": [
                    
                ],
                "sam": [
                    
                ],
                "versions": [
                    
                ]
            }
        ],
        "meta": {
            "nf-test": "0.9.2",
            "nextflow": "24.10.5"
        },
        "timestamp": "2025-04-23T12:17:08.085855"
    },
    "BWA mem -stub": {
        "content": [
            {
                "0": [
                    
                ],
                "1": [
                    
                ],
                "sam": [
                    
                ],
                "versions": [
                    
                ]
            }
        ],
        "meta": {
            "nf-test": "0.9.2",
            "nextflow": "24.10.5"
        },
        "timestamp": "2025-04-23T12:17:12.465561"
    }
}
